vite v8.0.13 building client environment for production...
[2Ktransforming...✓ 2717 modules transformed.
rendering chunks...
✗ Build failed in 228ms
error during build:
Build failed with 2 errors:

[31m[MISSING_EXPORT] [0m"Instagram" is not exported by "node_modules/lucide-react/dist/esm/lucide-react.mjs".
   [38;5;246m╭[0m[38;5;246m─[0m[38;5;246m[[0m src/pages/Analytics.jsx:3:22 [38;5;246m][0m
   [38;5;246m│[0m
 [38;5;246m3 │[0m [38;5;249mi[0m[38;5;249mm[0m[38;5;249mp[0m[38;5;249mo[0m[38;5;249mr[0m[38;5;249mt[0m[38;5;249m [0m[38;5;249m{[0m[38;5;249m [0m[38;5;249mS[0m[38;5;249mm[0m[38;5;249ma[0m[38;5;249mr[0m[38;5;249mt[0m[38;5;249mp[0m[38;5;249mh[0m[38;5;249mo[0m[38;5;249mn[0m[38;5;249me[0m[38;5;249m,[0m[38;5;249m [0mInstagram[38;5;249m,[0m[38;5;249m [0m[38;5;249mM[0m[38;5;249me[0m[38;5;249ms[0m[38;5;249ms[0m[38;5;249ma[0m[38;5;249mg[0m[38;5;249me[0m[38;5;249mC[0m[38;5;249mi[0m[38;5;249mr[0m[38;5;249mc[0m[38;5;249ml[0m[38;5;249me[0m[38;5;249m,[0m[38;5;249m [0m[38;5;249mY[0m[38;5;249mo[0m[38;5;249mu[0m[38;5;249mt[0m[38;5;249mu[0m[38;5;249mb[0m[38;5;249me[0m[38;5;249m [0m[38;5;249m}[0m[38;5;249m [0m[38;5;249mf[0m[38;5;249mr[0m[38;5;249mo[0m[38;5;249mm[0m[38;5;249m [0m[38;5;249m"[0m[38;5;249ml[0m[38;5;249mu[0m[38;5;249mc[0m[38;5;249mi[0m[38;5;249md[0m[38;5;249me[0m[38;5;249m-[0m[38;5;249mr[0m[38;5;249me[0m[38;5;249ma[0m[38;5;249mc[0m[38;5;249mt[0m[38;5;249m"[0m[38;5;249m;[0m
 [38;5;240m  │[0m                      ────┬────  
 [38;5;240m  │[0m                          ╰────── Missing export
[38;5;246m───╯[0m

[31m[MISSING_EXPORT] [0m"Youtube" is not exported by "node_modules/lucide-react/dist/esm/lucide-react.mjs".
   [38;5;246m╭[0m[38;5;246m─[0m[38;5;246m[[0m src/pages/Analytics.jsx:3:48 [38;5;246m][0m
   [38;5;246m│[0m
 [38;5;246m3 │[0m [38;5;249mi[0m[38;5;249mm[0m[38;5;249mp[0m[38;5;249mo[0m[38;5;249mr[0m[38;5;249mt[0m[38;5;249m [0m[38;5;249m{[0m[38;5;249m [0m[38;5;249mS[0m[38;5;249mm[0m[38;5;249ma[0m[38;5;249mr[0m[38;5;249mt[0m[38;5;249mp[0m[38;5;249mh[0m[38;5;249mo[0m[38;5;249mn[0m[38;5;249me[0m[38;5;249m,[0m[38;5;249m [0m[38;5;249mI[0m[38;5;249mn[0m[38;5;249ms[0m[38;5;249mt[0m[38;5;249ma[0m[38;5;249mg[0m[38;5;249mr[0m[38;5;249ma[0m[38;5;249mm[0m[38;5;249m,[0m[38;5;249m [0m[38;5;249mM[0m[38;5;249me[0m[38;5;249ms[0m[38;5;249ms[0m[38;5;249ma[0m[38;5;249mg[0m[38;5;249me[0m[38;5;249mC[0m[38;5;249mi[0m[38;5;249mr[0m[38;5;249mc[0m[38;5;249ml[0m[38;5;249me[0m[38;5;249m,[0m[38;5;249m [0mYoutube[38;5;249m [0m[38;5;249m}[0m[38;5;249m [0m[38;5;249mf[0m[38;5;249mr[0m[38;5;249mo[0m[38;5;249mm[0m[38;5;249m [0m[38;5;249m"[0m[38;5;249ml[0m[38;5;249mu[0m[38;5;249mc[0m[38;5;249mi[0m[38;5;249md[0m[38;5;249me[0m[38;5;249m-[0m[38;5;249mr[0m[38;5;249me[0m[38;5;249ma[0m[38;5;249mc[0m[38;5;249mt[0m[38;5;249m"[0m[38;5;249m;[0m
 [38;5;240m  │[0m                                                ───┬───  
 [38;5;240m  │[0m                                                   ╰───── Missing export
[38;5;246m───╯[0m

    at aggregateBindingErrorsIntoJsError (file:///Users/pravinkumarverma/Documents/DS%20mcS/node_modules/rolldown/dist/shared/error-CkdMJ9ps.mjs:48:18)
    at unwrapBindingResult (file:///Users/pravinkumarverma/Documents/DS%20mcS/node_modules/rolldown/dist/shared/error-CkdMJ9ps.mjs:18:128)
    at #build (file:///Users/pravinkumarverma/Documents/DS%20mcS/node_modules/rolldown/dist/shared/rolldown-build-BVD3dIdE.mjs:3275:34)
    at async buildEnvironment (file:///Users/pravinkumarverma/Documents/DS%20mcS/node_modules/vite/dist/node/chunks/node.js:33133:64)
    at async Object.build (file:///Users/pravinkumarverma/Documents/DS%20mcS/node_modules/vite/dist/node/chunks/node.js:33555:19)
    at async Object.buildApp (file:///Users/pravinkumarverma/Documents/DS%20mcS/node_modules/vite/dist/node/chunks/node.js:33552:153)
    at async CAC.<anonymous> (file:///Users/pravinkumarverma/Documents/DS%20mcS/node_modules/vite/dist/node/cli.js:777:3) {
  errors: [Getter/Setter]
}
